// Vitest Snapshot v1, https://vitest.dev/guide/snapshot.html

exports[`/modules/post/post.service > should get post throw when 404 1`] = `"post not found"`;

exports[`/modules/post/post.service > should throw when category not found 1`] = `"category not found"`;

exports[`/modules/post/post.service > should throw when post exist 1`] = `"post already exist"`;
